[09zבר2026 20:14:47.042] [main/INFO] [cpw.mods.modlauncher.Launcher/MODLAUNCHER]: ModLauncher running: args [--launchTarget, forgeclientdev, --version, 21.1.248, --assetIndex, 17, --assetsDir, C:\\Users\\maste\\.gradle\\caches\\neoformruntime\\assets, --gameDir, ., --fml.fmlVersion, 4.0.43, --fml.mcVersion, 1.21.1, --fml.neoForgeVersion, 21.1.248, --fml.neoFormVersion, 20240808.144430, --username, Dev2]
[09zבר2026 20:14:47.055] [main/INFO] [cpw.mods.modlauncher.Launcher/MODLAUNCHER]: JVM identified as Eclipse Adoptium OpenJDK 64-Bit Server VM 21.0.10+7-LTS
[09zבר2026 20:14:47.056] [main/INFO] [cpw.mods.modlauncher.Launcher/MODLAUNCHER]: ModLauncher 11.0.5+main.901c6ea8 starting: java version 21.0.10 by Eclipse Adoptium; OS Windows 11 arch amd64 version 10.0
[09zבר2026 20:14:47.178] [main/INFO] [net.neoforged.fml.loading.ImmediateWindowHandler/]: Loading ImmediateWindowProvider fmlearlywindow
[09zבר2026 20:14:47.303] [main/INFO] [EARLYDISPLAY/]: Trying GL version 4.6
[09zבר2026 20:14:47.551] [main/INFO] [EARLYDISPLAY/]: Requested GL version 4.6 got version 4.6
[09zבר2026 20:14:47.645] [main/INFO] [mixin/]: SpongePowered MIXIN Subsystem Version=0.8.7 Source=union:/C:/Users/maste/.gradle/caches/modules-2/files-2.1/net.fabricmc/sponge-mixin/0.15.2+mixin.0.8.7/2af2f021d8e02a0220dc27a7a72b4666d66d44ca/sponge-mixin-0.15.2+mixin.0.8.7.jar%23138!/ Service=ModLauncher Env=CLIENT
[09zבר2026 20:14:47.745] [pool-2-thread-1/INFO] [EARLYDISPLAY/]: GL info: NVIDIA GeForce RTX 4060/PCIe/SSE2 GL version 4.6.0 NVIDIA 591.59, NVIDIA Corporation
[09zבר2026 20:14:48.212] [main/INFO] [net.neoforged.fml.loading.moddiscovery.locators.JarInJarDependencyLocator/]: Found 2 dependencies adding them to mods collection
[09zבר2026 20:14:48.216] [main/INFO] [net.neoforged.fml.loading.moddiscovery.ModDiscoverer/]: 
     Mod List:
		Name Version (Mod Id)

		Minecraft 1.21.1 (minecraft)
		NeoForge 21.1.248 (neoforge)
		Sponsor system 1.0.0 (sponsorsystem)
[09zבר2026 20:14:49.717] [main/INFO] [cpw.mods.modlauncher.LaunchServiceHandler/MODLAUNCHER]: Launching target 'forgeclientdev' with arguments [--version, 21.1.248, --gameDir, ., --assetsDir, C:\Users\maste\.gradle\caches\neoformruntime\assets, --assetIndex, 17, --username, Dev2]
[09zבר2026 20:14:52.459] [Datafixer Bootstrap/INFO] [com.mojang.datafixers.DataFixerBuilder/]: 229 Datafixer optimizations took 488 milliseconds
[09zבר2026 20:14:52.654] [pool-7-thread-1/INFO] [MixinExtras|Service/]: Initializing MixinExtras via com.llamalad7.mixinextras.service.MixinExtrasServiceImpl(version=0.5.3).
[09zבר2026 20:14:57.550] [main/WARN] [net.minecraft.commands.Commands/]: Ambiguity between arguments [teleport, location] and [teleport, destination] with inputs: [0.1 -0.5 .9, 0 0 0]
[09zבר2026 20:14:57.552] [main/WARN] [net.minecraft.commands.Commands/]: Ambiguity between arguments [teleport, location] and [teleport, targets] with inputs: [0.1 -0.5 .9, 0 0 0]
[09zבר2026 20:14:57.555] [main/WARN] [net.minecraft.commands.Commands/]: Ambiguity between arguments [teleport, destination] and [teleport, targets] with inputs: [Player, 0123, @e, dd12be42-52a9-4a91-a8a1-11c01849e498]
[09zבר2026 20:14:57.556] [main/WARN] [net.minecraft.commands.Commands/]: Ambiguity between arguments [teleport, targets] and [teleport, destination] with inputs: [Player, 0123, dd12be42-52a9-4a91-a8a1-11c01849e498]
[09zבר2026 20:14:57.557] [main/WARN] [net.minecraft.commands.Commands/]: Ambiguity between arguments [teleport, targets, location] and [teleport, targets, destination] with inputs: [0.1 -0.5 .9, 0 0 0]
[09zבר2026 20:14:57.655] [Render thread/WARN] [net.minecraft.server.packs.VanillaPackResourcesBuilder/]: Assets URL 'union:/C:/Users/maste/Desktop/Start/Projects/Sponsor%20system%201.21.1/build/moddev/artifacts/neoforge-21.1.248.jar%23189!/assets/.mcassetsroot' uses unexpected schema
[09zבר2026 20:14:57.656] [Render thread/WARN] [net.minecraft.server.packs.VanillaPackResourcesBuilder/]: Assets URL 'union:/C:/Users/maste/Desktop/Start/Projects/Sponsor%20system%201.21.1/build/moddev/artifacts/neoforge-21.1.248.jar%23189!/data/.mcassetsroot' uses unexpected schema
[09zבר2026 20:14:57.690] [Render thread/INFO] [com.mojang.authlib.yggdrasil.YggdrasilAuthenticationService/]: Environment: Environment[sessionHost=https://sessionserver.mojang.com, servicesHost=https://api.minecraftservices.com, name=PROD]
[09zבר2026 20:14:57.696] [Render thread/INFO] [net.minecraft.client.Minecraft/]: Setting user: Dev2
[09zבר2026 20:14:57.788] [Render thread/INFO] [net.minecraft.client.Minecraft/]: Backend library: LWJGL version 3.3.3+5
[09zבר2026 20:14:58.101] [modloading-worker-0/INFO] [net.neoforged.neoforge.common.NeoForgeMod/NEOFORGE-MOD]: NeoForge mod loading, version 21.1.248, for MC 1.21.1
[09zבר2026 20:14:58.757] [Render thread/INFO] [net.neoforged.neoforge.gametest.GameTestHooks/]: Enabled Gametest Namespaces: []
[09zבר2026 20:14:58.839] [Render thread/INFO] [net.minecraft.server.packs.resources.ReloadableResourceManager/]: Reloading ResourceManager: vanilla, mod_resources, mod/sponsorsystem, mod/neoforge
[09zבר2026 20:14:59.014] [Worker-Main-3/INFO] [net.minecraft.client.gui.font.providers.UnihexProvider/]: Found unifont_all_no_pua-15.1.05.hex, loading
[09zבר2026 20:14:59.043] [Worker-Main-14/INFO] [net.minecraft.client.gui.font.providers.UnihexProvider/]: Found unifont_jp_patch-15.1.05.hex, loading
[09zבר2026 20:15:00.354] [Render thread/WARN] [net.minecraft.client.sounds.SoundEngine/]: Missing sound for event: minecraft:item.goat_horn.play
[09zבר2026 20:15:00.354] [Render thread/WARN] [net.minecraft.client.sounds.SoundEngine/]: Missing sound for event: minecraft:entity.goat.screaming.horn_break
[09zבר2026 20:15:00.428] [Render thread/INFO] [com.mojang.blaze3d.audio.Library/]: OpenAL initialized on device OpenAL Soft on Reproduktory (2 - Realtek(R) Audio)
[09zבר2026 20:15:00.429] [Render thread/INFO] [net.minecraft.client.sounds.SoundEngine/SOUNDS]: Sound engine started
[09zבר2026 20:15:00.563] [Render thread/INFO] [net.minecraft.client.renderer.texture.TextureAtlas/]: Created: 1024x512x4 minecraft:textures/atlas/blocks.png-atlas
[09zבר2026 20:15:00.575] [Render thread/INFO] [net.minecraft.client.renderer.texture.TextureAtlas/]: Created: 256x256x4 minecraft:textures/atlas/signs.png-atlas
[09zבר2026 20:15:00.576] [Render thread/INFO] [net.minecraft.client.renderer.texture.TextureAtlas/]: Created: 512x512x4 minecraft:textures/atlas/shield_patterns.png-atlas
[09zבר2026 20:15:00.576] [Render thread/INFO] [net.minecraft.client.renderer.texture.TextureAtlas/]: Created: 512x512x4 minecraft:textures/atlas/banner_patterns.png-atlas
[09zבר2026 20:15:00.577] [Render thread/INFO] [net.minecraft.client.renderer.texture.TextureAtlas/]: Created: 1024x1024x4 minecraft:textures/atlas/armor_trims.png-atlas
[09zבר2026 20:15:00.583] [Render thread/INFO] [net.minecraft.client.renderer.texture.TextureAtlas/]: Created: 256x256x4 minecraft:textures/atlas/chest.png-atlas
[09zבר2026 20:15:00.584] [Render thread/INFO] [net.minecraft.client.renderer.texture.TextureAtlas/]: Created: 128x64x4 minecraft:textures/atlas/decorated_pot.png-atlas
[09zבר2026 20:15:00.584] [Render thread/INFO] [net.minecraft.client.renderer.texture.TextureAtlas/]: Created: 512x256x4 minecraft:textures/atlas/beds.png-atlas
[09zבר2026 20:15:00.585] [Render thread/INFO] [net.minecraft.client.renderer.texture.TextureAtlas/]: Created: 512x256x4 minecraft:textures/atlas/shulker_boxes.png-atlas
[09zבר2026 20:15:00.774] [Render thread/INFO] [net.minecraft.client.renderer.texture.TextureAtlas/]: Created: 512x256x0 minecraft:textures/atlas/particles.png-atlas
[09zבר2026 20:15:00.775] [Render thread/INFO] [net.minecraft.client.renderer.texture.TextureAtlas/]: Created: 512x256x0 minecraft:textures/atlas/paintings.png-atlas
[09zבר2026 20:15:00.775] [Render thread/INFO] [net.minecraft.client.renderer.texture.TextureAtlas/]: Created: 256x128x0 minecraft:textures/atlas/mob_effects.png-atlas
[09zבר2026 20:15:00.776] [Render thread/INFO] [net.minecraft.client.renderer.texture.TextureAtlas/]: Created: 64x64x0 minecraft:textures/atlas/map_decorations.png-atlas
[09zבר2026 20:15:00.776] [Render thread/INFO] [net.minecraft.client.renderer.texture.TextureAtlas/]: Created: 1024x512x0 minecraft:textures/atlas/gui.png-atlas
[09zבר2026 20:15:00.796] [Render thread/WARN] [net.minecraft.client.renderer.ShaderInstance/]: Shader rendertype_entity_translucent_emissive could not find sampler named Sampler2 in the specified shader program.
[09zבר2026 20:15:00.841] [Render thread/INFO] [net.neoforged.neoforge.client.entity.animation.json.AnimationLoader/]: Loaded 0 entity animations
[09zבר2026 20:16:27.277] [Render thread/INFO] [net.minecraft.client.gui.screens.ConnectScreen/]: Connecting to fe80::d8d8:af74:f3c8:2b5, 25565
[09zבר2026 20:17:27.195] [Render thread/INFO] [net.minecraft.client.gui.screens.ConnectScreen/]: Connecting to fe80::d8d8:af74:f3c8:2b5, 25565
[09zבר2026 20:17:28.134] [Render thread/INFO] [net.minecraft.advancements.AdvancementTree/]: Loaded 2 advancements
[09zבר2026 20:17:53.049] [Render thread/INFO] [net.minecraft.client.gui.components.ChatComponent/]: [System] [CHAT] You cannot back yourself.
[09zבר2026 20:17:56.293] [Render thread/INFO] [net.minecraft.client.gui.components.ChatComponent/]: [System] [CHAT] You are now backing Dev. You are as answerable for them as everyone else who backs them.
[09zבר2026 20:17:56.295] [Render thread/INFO] [net.minecraft.client.gui.components.ChatComponent/]: [System] [CHAT] 9 of 10 support tickets remaining.
[09zבר2026 20:17:56.296] [Render thread/INFO] [net.minecraft.client.gui.components.ChatComponent/]: [System] [CHAT] Dev2 is now backing Dev.
[09zבר2026 20:18:41.791] [Render thread/INFO] [net.minecraft.client.gui.components.ChatComponent/]: [System] [CHAT] --- Your standing ---\nStatus: active\n9 of 10 support tickets remaining.\nBacked by (1):\n  - Dev (invited you)\nEveryone listed above is equally answerable for you.\nYou are backing (1):\n  - Dev active
[09zבר2026 20:20:16.949] [Netty Client IO #1/ERROR] [net.minecraft.network.Connection/]: Exception caught in connection
java.net.SocketException: Connection reset
	at java.base/sun.nio.ch.SocketChannelImpl.throwConnectionReset(SocketChannelImpl.java:401) ~[?:?]
	at java.base/sun.nio.ch.SocketChannelImpl.read(SocketChannelImpl.java:434) ~[?:?]
	at MC-BOOTSTRAP/io.netty.buffer@4.1.97.Final/io.netty.buffer.PooledByteBuf.setBytes(PooledByteBuf.java:254) ~[netty-buffer-4.1.97.Final.jar%23129!/:4.1.97.Final]
	at MC-BOOTSTRAP/io.netty.buffer@4.1.97.Final/io.netty.buffer.AbstractByteBuf.writeBytes(AbstractByteBuf.java:1132) ~[netty-buffer-4.1.97.Final.jar%23129!/:4.1.97.Final]
	at MC-BOOTSTRAP/io.netty.transport@4.1.97.Final/io.netty.channel.socket.nio.NioSocketChannel.doReadBytes(NioSocketChannel.java:357) ~[netty-transport-4.1.97.Final.jar%23136!/:4.1.97.Final]
	at MC-BOOTSTRAP/io.netty.transport@4.1.97.Final/io.netty.channel.nio.AbstractNioByteChannel$NioByteUnsafe.read(AbstractNioByteChannel.java:151) ~[netty-transport-4.1.97.Final.jar%23136!/:4.1.97.Final]
	at MC-BOOTSTRAP/io.netty.transport@4.1.97.Final/io.netty.channel.nio.NioEventLoop.processSelectedKey(NioEventLoop.java:788) ~[netty-transport-4.1.97.Final.jar%23136!/:4.1.97.Final]
	at MC-BOOTSTRAP/io.netty.transport@4.1.97.Final/io.netty.channel.nio.NioEventLoop.processSelectedKeysOptimized(NioEventLoop.java:724) ~[netty-transport-4.1.97.Final.jar%23136!/:4.1.97.Final]
	at MC-BOOTSTRAP/io.netty.transport@4.1.97.Final/io.netty.channel.nio.NioEventLoop.processSelectedKeys(NioEventLoop.java:650) ~[netty-transport-4.1.97.Final.jar%23136!/:4.1.97.Final]
	at MC-BOOTSTRAP/io.netty.transport@4.1.97.Final/io.netty.channel.nio.NioEventLoop.run(NioEventLoop.java:562) ~[netty-transport-4.1.97.Final.jar%23136!/:4.1.97.Final]
	at MC-BOOTSTRAP/io.netty.common@4.1.97.Final/io.netty.util.concurrent.SingleThreadEventExecutor$4.run(SingleThreadEventExecutor.java:997) ~[netty-common-4.1.97.Final.jar%23131!/:4.1.97.Final]
	at MC-BOOTSTRAP/io.netty.common@4.1.97.Final/io.netty.util.internal.ThreadExecutorMap$2.run(ThreadExecutorMap.java:74) ~[netty-common-4.1.97.Final.jar%23131!/:4.1.97.Final]
	at java.base/java.lang.Thread.run(Thread.java:1583) [?:?]
[09zבר2026 20:20:17.204] [Netty Client IO #1/ERROR] [net.minecraft.CrashReport/]: Negative index in crash report handler (13/21)
[09zבר2026 20:20:17.221] [Netty Client IO #1/FATAL] [net.neoforged.neoforge.common.NeoForgeMod/]: Preparing crash report with UUID 1bef1652-fbab-4823-8ebd-c8492f13dea1
[09zבר2026 20:20:17.375] [Render thread/WARN] [net.minecraft.client.multiplayer.ClientCommonPacketListenerImpl/]: Client disconnected with reason: Internal Exception: java.net.SocketException: Connection reset
[09zבר2026 20:20:41.238] [Render thread/INFO] [net.minecraft.client.gui.screens.ConnectScreen/]: Connecting to fe80::d8d8:af74:f3c8:2b5, 25565
[09zבר2026 20:20:41.496] [Render thread/WARN] [net.neoforged.fml.config.ConfigTracker/]: Overwriting non-null config LoadedConfig[config=SynchronizedConfig{DataHolder:{removeErroringBlockEntities=false, removeErroringEntities=false, fullBoundingBoxLadders=false, permissionHandler=neoforge:default_handler, advertiseDedicatedServerToLan=true}}, path=null, modConfig=net.neoforged.fml.config.ModConfig@62318d4c] at path neoforge-server.toml with synced config
[09zבר2026 20:20:41.500] [Render thread/WARN] [net.neoforged.fml.config.ConfigTracker/]: Overwriting non-null config LoadedConfig[config=SynchronizedConfig{DataHolder:{forceWhitelistOn=true, minPlaytimeMinutesToInvite=0, inviteCooldownMinutes=0, pendingInviteExpiryHours=0, announceInvites=true, allowOfflineModeUuids=true, supportModel=REACHABILITY, sponsorshipMinDurationMinutes=10, abandonedGraceMinutes=30, abandonedCountdownEnabled=true, maxSupportTicketsPerPlayer=10, separateInviteAndSponsorBudgets=false, maxInvitesPerPlayer=10, maxSponsorshipsPerPlayer=10, unlimitedTicketsPermissionLevel=3, bootstrap=SynchronizedConfig{DataHolder:{enabled=true, restrictToName=, restrictToLoopback=false, opFounder=false}}}}, path=null, modConfig=net.neoforged.fml.config.ModConfig@185350cb] at path sponsorsystem-server.toml with synced config
[09zבר2026 20:20:42.622] [Render thread/INFO] [net.minecraft.advancements.AdvancementTree/]: Loaded 2 advancements
[09zבר2026 20:21:53.685] [Render thread/INFO] [net.minecraft.client.gui.components.ChatComponent/]: [System] [CHAT] Nobody is backing you any more. You have 30 minute(s) of playtime to find a new supporter before you lose access.
[09zבר2026 20:21:53.686] [Render thread/INFO] [net.minecraft.client.gui.components.ChatComponent/]: [System] [CHAT] Dev withdrew their support for Dev2.
[09zבר2026 20:22:19.828] [Render thread/INFO] [net.minecraft.client.gui.components.ChatComponent/]: [System] [CHAT] You only recently started backing Dev. You can withdraw in 6 minute(s).
